// Jest Snapshot v1, https://goo.gl/fbAQLP

exports[`renders the ThumbnailList component correctly 1`] = `
<div
  className="root"
>
  <button
    className="rootSelected"
    onClick={[Function]}
  >
    <img
      alt="test-thumbnail1"
      className="image"
      src="https://localhost/img/resize/240?url=thumbnail1.png"
    />
  </button>
  <button
    className="root"
    onClick={[Function]}
  >
    <img
      alt="test-thumbnail2"
      className="image"
      src="https://localhost/img/resize/240?url=thumbnail2.png"
    />
  </button>
</div>
`;
